▲ Next.js 16.2.3 (Turbopack)
- Local:         http://localhost:3000
- Network:       http://192.168.68.129:3000
- Environments: .env.local
✓ Ready in 444ms
⚠ `eslint` configuration in next.config.ts is no longer supported. See more info here: https://nextjs.org/docs/app/api-reference/cli/next#next-lint-options
⚠ Invalid next.config.ts options detected: 
⚠     Unrecognized key(s) in object: 'eslint'
⚠ See more info here: https://nextjs.org/docs/messages/invalid-next-config
⚠ The "middleware" file convention is deprecated. Please use "proxy" instead. Learn more: https://nextjs.org/docs/messages/middleware-to-proxy

○ Compiling /users ...
 GET /login 200 in 2.5s (next.js: 2.2s, application-code: 297ms)
 GET /login 200 in 33ms (next.js: 2ms, application-code: 31ms)
 GET /users 200 in 5.5s (next.js: 4.7s, application-code: 821ms)
 GET /manifest.webmanifest 200 in 328ms (next.js: 319ms, application-code: 9ms)
[browser] Image with src "/logo.png" has either width or height modified, but not the other. If you use CSS to change the size of your image, also include the styles 'width: "auto"' or 'height: "auto"' to maintain the aspect ratio.
[browser] Image with src "/logo.png" was detected as the Largest Contentful Paint (LCP). Please add the `loading="eager"` property if this image is above the fold.
Read more: https://nextjs.org/docs/app/api-reference/components/image#loading
✓ Compiled in 259ms
✓ Compiled in 63ms
Failed to proxy http://localhost:8000/api/v1/me/mentions Error: socket hang up
    at ignore-listed frames {
  code: 'ECONNRESET'
}
Error: socket hang up
    at ignore-listed frames {
  code: 'ECONNRESET'
}
✓ Compiled in 58ms
✓ Compiled in 53ms
✓ Compiled in 92ms
✓ Compiled in 74ms
✓ Compiled in 65ms
